{
    "hifiadapterfilt - fastq.gz": {
        "content": [
            {
                "0": [
                    
                ],
                "1": [
                    
                ],
                "2": [
                    
                ],
                "3": [
                    
                ],
                "4": [
                    
                ],
                "blast_search": [
                    
                ],
                "filt": [
                    
                ],
                "headers": [
                    
                ],
                "stats": [
                    
                ],
                "versions": [
                    
                ]
            }
        ],
        "meta": {
            "nf-test": "0.9.0",
            "nextflow": "24.04.4"
        },
        "timestamp": "2024-10-17T12:34:18.179022867"
    },
    "hifiadapterfilt - fastq.gz - stub": {
        "content": [
            {
                "0": [
                    
                ],
                "1": [
                    
                ],
                "2": [
                    
                ],
                "3": [
                    
                ],
                "4": [
                    
                ],
                "blast_search": [
                    
                ],
                "filt": [
                    
                ],
                "headers": [
                    
                ],
                "stats": [
                    
                ],
                "versions": [
                    
                ]
            }
        ],
        "meta": {
            "nf-test": "0.9.0",
            "nextflow": "24.04.4"
        },
        "timestamp": "2024-10-17T12:34:23.562113107"
    }
}