{
    "owltools - stub": {
        "content": [
            {
                "0": [
                    [
                        {
                            "id": "test",
                            "single_end": false
                        },
                        "test_goslim_annotations.gaf:md5,d41d8cd98f00b204e9800998ecf8427e"
                    ]
                ],
                "1": [
                    "versions.yml:md5,15766c0524b190336aac5abe9d9787cc"
                ],
                "gaf": [
                    [
                        {
                            "id": "test",
                            "single_end": false
                        },
                        "test_goslim_annotations.gaf:md5,d41d8cd98f00b204e9800998ecf8427e"
                    ]
                ],
                "versions": [
                    "versions.yml:md5,15766c0524b190336aac5abe9d9787cc"
                ]
            }
        ],
        "meta": {
            "nf-test": "0.9.2",
            "nextflow": "24.10.4"
        },
        "timestamp": "2025-01-21T16:40:08.703725323"
    },
    "owltools": {
        "content": [
            {
                "0": [
                    [
                        {
                            "id": "test",
                            "single_end": false
                        },
                        "test_goslim_annotations.gaf:md5,2c02875f6262e298043cca688907d533"
                    ]
                ],
                "1": [
                    "versions.yml:md5,15766c0524b190336aac5abe9d9787cc"
                ],
                "gaf": [
                    [
                        {
                            "id": "test",
                            "single_end": false
                        },
                        "test_goslim_annotations.gaf:md5,2c02875f6262e298043cca688907d533"
                    ]
                ],
                "versions": [
                    "versions.yml:md5,15766c0524b190336aac5abe9d9787cc"
                ]
            }
        ],
        "meta": {
            "nf-test": "0.9.2",
            "nextflow": "24.10.4"
        },
        "timestamp": "2025-01-21T16:40:03.117515245"
    }
}