{
    "add the rhea mapping based on the diamond uniref90 annotations - stub": {
        "content": [
            {
                "0": [
                    [
                        {
                            "id": "test",
                            "single_end": false
                        },
                        "test.tsv:md5,d41d8cd98f00b204e9800998ecf8427e"
                    ]
                ],
                "1": [
                    "versions.yml:md5,3142846dc664a6fabd2ae52a86143d1c"
                ],
                "rhea2proteins_tsv": [
                    [
                        {
                            "id": "test",
                            "single_end": false
                        },
                        "test.tsv:md5,d41d8cd98f00b204e9800998ecf8427e"
                    ]
                ],
                "versions": [
                    "versions.yml:md5,3142846dc664a6fabd2ae52a86143d1c"
                ]
            }
        ],
        "meta": {
            "nf-test": "0.9.2",
            "nextflow": "24.10.4"
        },
        "timestamp": "2025-01-27T21:07:34.219215"
    },
    "add the rhea mapping based on the diamond uniref90 annotations": {
        "content": [
            {
                "0": [
                    [
                        {
                            "id": "test",
                            "single_end": false
                        },
                        "test.tsv:md5,cbc725c9af469858b8ed48eb23ebbd40"
                    ]
                ],
                "1": [
                    "versions.yml:md5,3142846dc664a6fabd2ae52a86143d1c"
                ],
                "rhea2proteins_tsv": [
                    [
                        {
                            "id": "test",
                            "single_end": false
                        },
                        "test.tsv:md5,cbc725c9af469858b8ed48eb23ebbd40"
                    ]
                ],
                "versions": [
                    "versions.yml:md5,3142846dc664a6fabd2ae52a86143d1c"
                ]
            }
        ],
        "meta": {
            "nf-test": "0.9.2",
            "nextflow": "24.10.4"
        },
        "timestamp": "2025-01-27T21:07:31.231072"
    }
}