{
    "summarisegoslims": {
        "content": [
            {
                "0": [
                    [
                        {
                            "id": "test",
                            "single_end": false
                        },
                        "test_summary:md5,ddf9aa47da0a848795fffb56d9ac3c96"
                    ]
                ],
                "1": [
                    [
                        {
                            "id": "test",
                            "single_end": false
                        },
                        "test_summary_slim:md5,ce50e0507a12ef0d70bd41b14926c5d5"
                    ]
                ],
                "2": [
                    "versions.yml:md5,c487c47425746717f82430c51a5688ec"
                ],
                "go_summary": [
                    [
                        {
                            "id": "test",
                            "single_end": false
                        },
                        "test_summary:md5,ddf9aa47da0a848795fffb56d9ac3c96"
                    ]
                ],
                "goslim_summary": [
                    [
                        {
                            "id": "test",
                            "single_end": false
                        },
                        "test_summary_slim:md5,ce50e0507a12ef0d70bd41b14926c5d5"
                    ]
                ],
                "versions": [
                    "versions.yml:md5,c487c47425746717f82430c51a5688ec"
                ]
            }
        ],
        "meta": {
            "nf-test": "0.9.2",
            "nextflow": "24.10.4"
        },
        "timestamp": "2025-01-27T11:18:05.198568257"
    },
    "summarisegoslims - stub": {
        "content": [
            {
                "0": [
                    [
                        {
                            "id": "test",
                            "single_end": false
                        },
                        "test_summary:md5,d41d8cd98f00b204e9800998ecf8427e"
                    ]
                ],
                "1": [
                    [
                        {
                            "id": "test",
                            "single_end": false
                        },
                        "test_summary_slim:md5,d41d8cd98f00b204e9800998ecf8427e"
                    ]
                ],
                "2": [
                    "versions.yml:md5,c487c47425746717f82430c51a5688ec"
                ],
                "go_summary": [
                    [
                        {
                            "id": "test",
                            "single_end": false
                        },
                        "test_summary:md5,d41d8cd98f00b204e9800998ecf8427e"
                    ]
                ],
                "goslim_summary": [
                    [
                        {
                            "id": "test",
                            "single_end": false
                        },
                        "test_summary_slim:md5,d41d8cd98f00b204e9800998ecf8427e"
                    ]
                ],
                "versions": [
                    "versions.yml:md5,c487c47425746717f82430c51a5688ec"
                ]
            }
        ],
        "meta": {
            "nf-test": "0.9.2",
            "nextflow": "24.10.4"
        },
        "timestamp": "2025-01-27T11:18:11.207305173"
    }
}