{
    "versions": {
        "content": [
            [
                "versions.yml:md5,66e451357b0b69c85226e5ed06a2bf57"
            ]
        ],
        "timestamp": "2024-01-09T11:34:07.877141469"
    },
    "stub": {
        "content": [
            {
                "0": [
                    [
                        {
                            "id": "test",
                            "single_end": false
                        },
                        [
                            
                        ]
                    ]
                ],
                "1": [
                    "versions.yml:md5,66e451357b0b69c85226e5ed06a2bf57"
                ],
                "out_dir": [
                    [
                        {
                            "id": "test",
                            "single_end": false
                        },
                        [
                            
                        ]
                    ]
                ],
                "versions": [
                    "versions.yml:md5,66e451357b0b69c85226e5ed06a2bf57"
                ]
            }
        ],
        "timestamp": "2024-01-09T11:34:40.39274736"
    }
}