{
    "test go": {
        "content": [
            [
                "dbcan-sub.hmm.out:md5,4eeb5ef0f231141879b72b2c480987ed",
                "diamond.out:md5,3c812c9fbfd32c20bf4bf314b9ceec03",
                "hmmer.out:md5,72b7bd7720e344da6967c723e571bb80",
                "overview.txt:md5,a38606e637d917b51ec2ee10d69efed9",
                "stp.out:md5,807a434fb0ce8078e863940858c463dd",
                "substrate.out:md5,efca5ea50fef88b947ebdf89a34976a9",
                "tf-1.out:md5,d41d8cd98f00b204e9800998ecf8427e",
                "tf-2.out:md5,d41d8cd98f00b204e9800998ecf8427e",
                "tp.out:md5,e9eb66ecff04b226deeb27a8fade736a",
                "uniInput:md5,d6ccc30e774cac8b58fa4be247211d61"
            ],
            [
                "CGC.faa",
                "PUL_blast.out",
                "cgc.gff",
                "cgc.out",
                "cgc_standard.out",
                "cgc_standard.out.json"
            ],
            [
                "versions.yml:md5,783a377fa90ab564df8e08b86e53d839"
            ]
        ],
        "meta": {
            "nf-test": "0.9.2",
            "nextflow": "24.10.1"
        },
        "timestamp": "2025-01-28T09:08:23.829947458"
    },
    "versions": {
        "content": [
            [
                "versions.yml:md5,783a377fa90ab564df8e08b86e53d839"
            ]
        ],
        "meta": {
            "nf-test": "0.9.2",
            "nextflow": "24.10.1"
        },
        "timestamp": "2025-01-28T09:23:00.019919622"
    }
}