{
    "versions": {
        "content": [
            [
                
            ]
        ],
        "timestamp": "2024-02-22T12:02:01.880623843"
    }
}