{
    "Run the pipeline on the test dataset": {
        "content": [
            {
                "0": [
                    [
                        {
                            "id": "test"
                        },
                        "test.txt:md5,9e2f9c188b183c18dd9572395a48a066"
                    ]
                ],
                "1": [
                    [
                        {
                            "id": "test"
                        },
                        "test.contig2classification.txt:md5,3c3c79045bf6ae8b1292ae9afa2ec4af"
                    ]
                ],
                "2": [
                    "versions.yml:md5,2325113dc53e34117c2db2c1a83a3197",
                    "versions.yml:md5,2f5912bb61bbe6225306fdc5d263520a"
                ],
                "contig2classification_tsv": [
                    [
                        {
                            "id": "test"
                        },
                        "test.contig2classification.txt:md5,3c3c79045bf6ae8b1292ae9afa2ec4af"
                    ]
                ],
                "diamond_blast_tsv": [
                    [
                        {
                            "id": "test"
                        },
                        "test.txt:md5,9e2f9c188b183c18dd9572395a48a066"
                    ]
                ],
                "versions": [
                    "versions.yml:md5,2325113dc53e34117c2db2c1a83a3197",
                    "versions.yml:md5,2f5912bb61bbe6225306fdc5d263520a"
                ]
            }
        ],
        "meta": {
            "nf-test": "0.9.2",
            "nextflow": "24.10.4"
        },
        "timestamp": "2025-02-13T16:19:07.305558"
    }
}